// Jest Snapshot v1, https://goo.gl/fbAQLP

exports[`should render ExpenseList with empty message 1`] = `
<div>
  <h1>
    Expense List
  </h1>
  <p>
    No expenses
  </p>
</div>
`;

exports[`should render ExpenseList with expenses 1`] = `
<div>
  <h1>
    Expense List
  </h1>
  <ExpenseListItem
    amount={5999}
    createdAt={0}
    description="iphone 11 pro"
    id="1"
    key="1"
    note=""
  />
  <ExpenseListItem
    amount={6999}
    createdAt={-345600000}
    description="iphone 11 pro max"
    id="2"
    key="2"
    note=""
  />
  <ExpenseListItem
    amount={15999}
    createdAt={345600000}
    description="Macbook pro"
    id="3"
    key="3"
    note=""
  />
</div>
`;
