// Jest Snapshot v1, https://goo.gl/fbAQLP

exports[`should render Header correctly 1`] = `
<header>
  <h1>
    Expensify
  </h1>
  <NavLink
    activeClassName="is-active"
    exact={true}
    to="/"
  >
    <p>
      Dashboard
    </p>
  </NavLink>
  <NavLink
    activeClassName="is-active"
    to="/create"
  >
    <p>
      Create Expense
    </p>
  </NavLink>
  <NavLink
    activeClassName="is-active"
    to="/help"
  >
    <p>
      Help
    </p>
  </NavLink>
</header>
`;
