// Jest Snapshot v1, https://goo.gl/fbAQLP

exports[`should render NotFoundPage 1`] = `
<p>
  404 
  <Link
    to="/"
  >
    Go home
  </Link>
</p>
`;
